film         seed=0 ood=0.002831 indist=0.001435 [195s]
film         seed=1 ood=0.003140 indist=0.001642 [194s]
film         seed=2 ood=0.003460 indist=0.001472 [195s]
film         seed=3 ood=0.003320 indist=0.001491 [195s]
film         seed=4 ood=0.003227 indist=0.001658 [195s]
film         seed=5 ood=0.002999 indist=0.001496 [195s]
film         seed=6 ood=0.003130 indist=0.001476 [195s]
film         seed=7 ood=0.003056 indist=0.001448 [195s]
film         seed=8 ood=0.002751 indist=0.001422 [195s]
film         seed=9 ood=0.003072 indist=0.001447 [195s]
hypernet     seed=0 ood=0.003669 indist=0.001350 [196s]
hypernet     seed=1 ood=0.003768 indist=0.001492 [196s]
hypernet     seed=2 ood=0.003427 indist=0.001382 [196s]
hypernet     seed=3 ood=0.004164 indist=0.001394 [196s]
hypernet     seed=4 ood=0.004052 indist=0.001428 [196s]
hypernet     seed=5 ood=0.003509 indist=0.001294 [196s]
hypernet     seed=6 ood=0.003893 indist=0.001454 [196s]
hypernet     seed=7 ood=0.003795 indist=0.001267 [196s]
hypernet     seed=8 ood=0.003824 indist=0.001365 [195s]
hypernet     seed=9 ood=0.003730 indist=0.001346 [195s]
proposed     seed=0 ood=0.001706 indist=0.001403 [207s]
proposed     seed=1 ood=0.001750 indist=0.001415 [207s]
proposed     seed=2 ood=0.001958 indist=0.001596 [209s]
proposed     seed=3 ood=0.001778 indist=0.001425 [209s]
proposed     seed=4 ood=0.001848 indist=0.001424 [208s]
proposed     seed=5 ood=0.001737 indist=0.001353 [208s]
proposed     seed=6 ood=0.001700 indist=0.001366 [209s]
proposed     seed=7 ood=0.001832 indist=0.001447 [210s]
proposed     seed=8 ood=0.001737 indist=0.001394 [210s]
proposed     seed=9 ood=0.001799 indist=0.001456 [209s]
cfilm_lin    seed=0 ood=0.002056 indist=0.001460 [195s]
cfilm_lin    seed=1 ood=0.002078 indist=0.001543 [196s]
cfilm_lin    seed=2 ood=0.002213 indist=0.001623 [196s]
cfilm_lin    seed=3 ood=0.001814 indist=0.001320 [195s]
cfilm_lin    seed=4 ood=0.001951 indist=0.001341 [195s]
cfilm_lin    seed=5 ood=0.002208 indist=0.001393 [195s]
cfilm_lin    seed=6 ood=0.002122 indist=0.001435 [202s]
cfilm_lin    seed=7 ood=0.001946 indist=0.001370 [195s]
cfilm_lin    seed=8 ood=0.001868 indist=0.001357 [196s]
cfilm_lin    seed=9 ood=0.002132 indist=0.001519 [196s]
cfilm_hyb    seed=0 ood=0.001870 indist=0.001343 [196s]
cfilm_hyb    seed=1 ood=0.001834 indist=0.001453 [196s]
cfilm_hyb    seed=2 ood=0.002223 indist=0.001511 [196s]
cfilm_hyb    seed=3 ood=0.001893 indist=0.001287 [196s]
cfilm_hyb    seed=4 ood=0.002183 indist=0.001402 [196s]
cfilm_hyb    seed=5 ood=0.002028 indist=0.001352 [196s]
cfilm_hyb    seed=6 ood=0.001983 indist=0.001411 [196s]
cfilm_hyb    seed=7 ood=0.001809 indist=0.001332 [196s]
cfilm_hyb    seed=8 ood=0.001855 indist=0.001324 [196s]
cfilm_hyb    seed=9 ood=0.002105 indist=0.001568 [196s]

============================================================
STAGE-8A VERDICT: CONFIRMED  criteria={'AC-8a1': True, 'AC-8a2': True, 'AC-8a3': True}
  film       ood=0.003099 indist=0.001499
  hypernet   ood=0.003783 indist=0.001377
  proposed   ood=0.001785 indist=0.001428
  cfilm_lin  ood=0.002039 indist=0.001436
  cfilm_hyb  ood=0.001979 indist=0.001398
